    Blocking waiting for file lock on build directory
   Compiling espresso-core v0.1.0 (/Users/chicoine/espresso/espresso/core)
error[E0277]: the trait bound `kv_merkle_tree::KVMerkleTree<committable_hash::CommitableHash<StakeTableKey, StakeTableValue, StakeTableTag>>: Serialize` is not satisfied
    --> core/src/state.rs:892:5
     |
892  |     pub stake_table: KVMerkleTree<StakeTableHash>,
     |     ^^^ the trait `Serialize` is not implemented for `kv_merkle_tree::KVMerkleTree<committable_hash::CommitableHash<StakeTableKey, StakeTableValue, StakeTableTag>>`
     |
     = help: the following other types implement trait `Serialize`:
               &'a T
               &'a mut T
               ()
               (T0, T1)
               (T0, T1, T2)
               (T0, T1, T2, T3)
               (T0, T1, T2, T3, T4)
               (T0, T1, T2, T3, T4, T5)
             and 403 others
note: required by a bound in `kv_merkle_tree::_::_serde::ser::SerializeStruct::serialize_field`
    --> /Users/chicoine/.cargo/registry/src/github.com-1ecc6299db9ec823/serde-1.0.142/src/ser/mod.rs:1899:12
     |
1899 |         T: Serialize;
     |            ^^^^^^^^^ required by this bound in `kv_merkle_tree::_::_serde::ser::SerializeStruct::serialize_field`

error[E0277]: the trait bound `kv_merkle_tree::KVMerkleTree<committable_hash::CommitableHash<StakeTableCommitmentKey, StakeTableCommitmentValue, StakeTableCommitmentTag>>: Serialize` is not satisfied
    --> core/src/state.rs:894:5
     |
894  |     pub stake_table_commitments: KVMerkleTree<StakeTableCommitmentsHash>,
     |     ^^^ the trait `Serialize` is not implemented for `kv_merkle_tree::KVMerkleTree<committable_hash::CommitableHash<StakeTableCommitmentKey, StakeTableCommitmentValue, StakeTableCommitmentTag>>`
     |
     = help: the following other types implement trait `Serialize`:
               &'a T
               &'a mut T
               ()
               (T0, T1)
               (T0, T1, T2)
               (T0, T1, T2, T3)
               (T0, T1, T2, T3, T4)
               (T0, T1, T2, T3, T4, T5)
             and 403 others
note: required by a bound in `kv_merkle_tree::_::_serde::ser::SerializeStruct::serialize_field`
    --> /Users/chicoine/.cargo/registry/src/github.com-1ecc6299db9ec823/serde-1.0.142/src/ser/mod.rs:1899:12
     |
1899 |         T: Serialize;
     |            ^^^^^^^^^ required by this bound in `kv_merkle_tree::_::_serde::ser::SerializeStruct::serialize_field`

error[E0277]: the trait bound `kv_merkle_tree::KVMerkleTree<committable_hash::CommitableHash<CollectedRewards, (), CollectedRewardsTag>>: Serialize` is not satisfied
    --> core/src/state.rs:896:5
     |
896  |     pub collected_rewards: KVMerkleTree<CollectedRewardsHash>,
     |     ^^^ the trait `Serialize` is not implemented for `kv_merkle_tree::KVMerkleTree<committable_hash::CommitableHash<CollectedRewards, (), CollectedRewardsTag>>`
     |
     = help: the following other types implement trait `Serialize`:
               &'a T
               &'a mut T
               ()
               (T0, T1)
               (T0, T1, T2)
               (T0, T1, T2, T3)
               (T0, T1, T2, T3, T4)
               (T0, T1, T2, T3, T4, T5)
             and 403 others
note: required by a bound in `kv_merkle_tree::_::_serde::ser::SerializeStruct::serialize_field`
    --> /Users/chicoine/.cargo/registry/src/github.com-1ecc6299db9ec823/serde-1.0.142/src/ser/mod.rs:1899:12
     |
1899 |         T: Serialize;
     |            ^^^^^^^^^ required by this bound in `kv_merkle_tree::_::_serde::ser::SerializeStruct::serialize_field`

error[E0277]: the trait bound `kv_merkle_tree::KVMerkleTree<committable_hash::CommitableHash<StakeTableKey, StakeTableValue, StakeTableTag>>: Deserialize<'_>` is not satisfied
    --> core/src/state.rs:892:5
     |
892  |     pub stake_table: KVMerkleTree<StakeTableHash>,
     |     ^^^ the trait `Deserialize<'_>` is not implemented for `kv_merkle_tree::KVMerkleTree<committable_hash::CommitableHash<StakeTableKey, StakeTableValue, StakeTableTag>>`
     |
     = help: the following other types implement trait `Deserialize<'de>`:
               <&'a Path as Deserialize<'de>>
               <&'a [u8] as Deserialize<'de>>
               <&'a bstr::bstr::BStr as Deserialize<'de>>
               <&'a serde_bytes::bytes::Bytes as Deserialize<'de>>
               <&'a str as Deserialize<'de>>
               <() as Deserialize<'de>>
               <(T0, T1) as Deserialize<'de>>
               <(T0, T1, T2) as Deserialize<'de>>
             and 542 others
note: required by a bound in `next_element`
    --> /Users/chicoine/.cargo/registry/src/github.com-1ecc6299db9ec823/serde-1.0.142/src/de/mod.rs:1730:12
     |
1730 |         T: Deserialize<'de>,
     |            ^^^^^^^^^^^^^^^^ required by this bound in `next_element`

error[E0277]: the trait bound `kv_merkle_tree::KVMerkleTree<committable_hash::CommitableHash<StakeTableCommitmentKey, StakeTableCommitmentValue, StakeTableCommitmentTag>>: Deserialize<'_>` is not satisfied
    --> core/src/state.rs:894:5
     |
894  |     pub stake_table_commitments: KVMerkleTree<StakeTableCommitmentsHash>,
     |     ^^^ the trait `Deserialize<'_>` is not implemented for `kv_merkle_tree::KVMerkleTree<committable_hash::CommitableHash<StakeTableCommitmentKey, StakeTableCommitmentValue, StakeTableCommitmentTag>>`
     |
     = help: the following other types implement trait `Deserialize<'de>`:
               <&'a Path as Deserialize<'de>>
               <&'a [u8] as Deserialize<'de>>
               <&'a bstr::bstr::BStr as Deserialize<'de>>
               <&'a serde_bytes::bytes::Bytes as Deserialize<'de>>
               <&'a str as Deserialize<'de>>
               <() as Deserialize<'de>>
               <(T0, T1) as Deserialize<'de>>
               <(T0, T1, T2) as Deserialize<'de>>
             and 542 others
note: required by a bound in `next_element`
    --> /Users/chicoine/.cargo/registry/src/github.com-1ecc6299db9ec823/serde-1.0.142/src/de/mod.rs:1730:12
     |
1730 |         T: Deserialize<'de>,
     |            ^^^^^^^^^^^^^^^^ required by this bound in `next_element`

error[E0277]: the trait bound `kv_merkle_tree::KVMerkleTree<committable_hash::CommitableHash<CollectedRewards, (), CollectedRewardsTag>>: Deserialize<'_>` is not satisfied
    --> core/src/state.rs:896:5
     |
896  |     pub collected_rewards: KVMerkleTree<CollectedRewardsHash>,
     |     ^^^ the trait `Deserialize<'_>` is not implemented for `kv_merkle_tree::KVMerkleTree<committable_hash::CommitableHash<CollectedRewards, (), CollectedRewardsTag>>`
     |
     = help: the following other types implement trait `Deserialize<'de>`:
               <&'a Path as Deserialize<'de>>
               <&'a [u8] as Deserialize<'de>>
               <&'a bstr::bstr::BStr as Deserialize<'de>>
               <&'a serde_bytes::bytes::Bytes as Deserialize<'de>>
               <&'a str as Deserialize<'de>>
               <() as Deserialize<'de>>
               <(T0, T1) as Deserialize<'de>>
               <(T0, T1, T2) as Deserialize<'de>>
             and 542 others
note: required by a bound in `next_element`
    --> /Users/chicoine/.cargo/registry/src/github.com-1ecc6299db9ec823/serde-1.0.142/src/de/mod.rs:1730:12
     |
1730 |         T: Deserialize<'de>,
     |            ^^^^^^^^^^^^^^^^ required by this bound in `next_element`

error[E0277]: the trait bound `kv_merkle_tree::KVMerkleTree<committable_hash::CommitableHash<StakeTableKey, StakeTableValue, StakeTableTag>>: Deserialize<'_>` is not satisfied
    --> core/src/state.rs:892:5
     |
892  |     pub stake_table: KVMerkleTree<StakeTableHash>,
     |     ^^^ the trait `Deserialize<'_>` is not implemented for `kv_merkle_tree::KVMerkleTree<committable_hash::CommitableHash<StakeTableKey, StakeTableValue, StakeTableTag>>`
     |
     = help: the following other types implement trait `Deserialize<'de>`:
               <&'a Path as Deserialize<'de>>
               <&'a [u8] as Deserialize<'de>>
               <&'a bstr::bstr::BStr as Deserialize<'de>>
               <&'a serde_bytes::bytes::Bytes as Deserialize<'de>>
               <&'a str as Deserialize<'de>>
               <() as Deserialize<'de>>
               <(T0, T1) as Deserialize<'de>>
               <(T0, T1, T2) as Deserialize<'de>>
             and 542 others
note: required by a bound in `next_value`
    --> /Users/chicoine/.cargo/registry/src/github.com-1ecc6299db9ec823/serde-1.0.142/src/de/mod.rs:1869:12
     |
1869 |         V: Deserialize<'de>,
     |            ^^^^^^^^^^^^^^^^ required by this bound in `next_value`

error[E0277]: the trait bound `kv_merkle_tree::KVMerkleTree<committable_hash::CommitableHash<StakeTableCommitmentKey, StakeTableCommitmentValue, StakeTableCommitmentTag>>: Deserialize<'_>` is not satisfied
    --> core/src/state.rs:894:5
     |
894  |     pub stake_table_commitments: KVMerkleTree<StakeTableCommitmentsHash>,
     |     ^^^ the trait `Deserialize<'_>` is not implemented for `kv_merkle_tree::KVMerkleTree<committable_hash::CommitableHash<StakeTableCommitmentKey, StakeTableCommitmentValue, StakeTableCommitmentTag>>`
     |
     = help: the following other types implement trait `Deserialize<'de>`:
               <&'a Path as Deserialize<'de>>
               <&'a [u8] as Deserialize<'de>>
               <&'a bstr::bstr::BStr as Deserialize<'de>>
               <&'a serde_bytes::bytes::Bytes as Deserialize<'de>>
               <&'a str as Deserialize<'de>>
               <() as Deserialize<'de>>
               <(T0, T1) as Deserialize<'de>>
               <(T0, T1, T2) as Deserialize<'de>>
             and 542 others
note: required by a bound in `next_value`
    --> /Users/chicoine/.cargo/registry/src/github.com-1ecc6299db9ec823/serde-1.0.142/src/de/mod.rs:1869:12
     |
1869 |         V: Deserialize<'de>,
     |            ^^^^^^^^^^^^^^^^ required by this bound in `next_value`

error[E0277]: the trait bound `kv_merkle_tree::KVMerkleTree<committable_hash::CommitableHash<CollectedRewards, (), CollectedRewardsTag>>: Deserialize<'_>` is not satisfied
    --> core/src/state.rs:896:5
     |
896  |     pub collected_rewards: KVMerkleTree<CollectedRewardsHash>,
     |     ^^^ the trait `Deserialize<'_>` is not implemented for `kv_merkle_tree::KVMerkleTree<committable_hash::CommitableHash<CollectedRewards, (), CollectedRewardsTag>>`
     |
     = help: the following other types implement trait `Deserialize<'de>`:
               <&'a Path as Deserialize<'de>>
               <&'a [u8] as Deserialize<'de>>
               <&'a bstr::bstr::BStr as Deserialize<'de>>
               <&'a serde_bytes::bytes::Bytes as Deserialize<'de>>
               <&'a str as Deserialize<'de>>
               <() as Deserialize<'de>>
               <(T0, T1) as Deserialize<'de>>
               <(T0, T1, T2) as Deserialize<'de>>
             and 542 others
note: required by a bound in `next_value`
    --> /Users/chicoine/.cargo/registry/src/github.com-1ecc6299db9ec823/serde-1.0.142/src/de/mod.rs:1869:12
     |
1869 |         V: Deserialize<'de>,
     |            ^^^^^^^^^^^^^^^^ required by this bound in `next_value`

For more information about this error, try `rustc --explain E0277`.
error: could not compile `espresso-core` due to 9 previous errors
